// Jest Snapshot v1, https://goo.gl/fbAQLP

exports[`Render link button renders correctly 1`] = `
<import __react__vue__Vue, { observer as __react__vue__observer } from 'vue-native-core'
import __react__vue__ReactNative from 'react-native'
import __react__vue__PropType from 'prop-types'
import { buildNativeComponent as __react__vue__buildNativeComponent } from 'vue-native-helper'
import { bindNativeClass as __react__vue__bindClass,bindNativeStyle as __react__vue__bindStyle,mergeNativeStyleAndNativeClass as __react__vue__mergeNativeStyleAndNativeClass,mergeProps as __react__vue__mergeProps,renderSlot as __react__vue__renderSlot,_toString as __react__vue__toString } from 'vue-native-helper'
import {
      createElement as __react__vue__createElement,
      Component as __react__vue__Component
    } from 'react'


const __react__vue__options =  {
  name: 'LinkButton',

  methods: {
    pressed () {
      this.$emit('on-press')
    }
  },

  props: {
    title: {
      type: String,
      default: null
    },

    style: {
      type: Array,
      default: function () {
        return []
      }
    },

    textStyle: {
      type: Object
    }
  },

  computed: {
    styles () {
      const innerStyle = this.style[0] || {}
      const textStyle = this.textStyle || {}

      return stylesStore(this.isDarkScheme, innerStyle, textStyle)
    }
  }
}

const stylesStore = (isDarkScheme, innerStyle, textStyle) => {
  return {
    linkButton: {
      minWidth: 36,
      height: innerStyle.height || 50,
      display: 'flex',
      justifyContent: 'center',
      alignItems: 'center',
      paddingLeft: 20,
      paddingRight: 20,
      flexDirection: 'row'
    },

    linkButtonText: {
      color: isDarkScheme ? '#6d6de3' : '#1e1e4d',
      fontWeight: 'bold',
      fontSize: 15,
      ...textStyle
    }
  }
}

const __react__vue__render = function render(vm) {
    const __react__vue__slotSet = __react__vue__renderSlot.call(this, [], this.props.children);
    return __react__vue__createElement(vm.$options.components['TouchableOpacity'], __react__vue__mergeProps.call(this, this.props.__react__vue__nativeEvents, {
        ref: ref => {
            this.setRootRef(ref);
            this.props['__react__vue__setRef'] && this.props['__react__vue__setRef'](ref);
        },
        onPress: vm['pressed'],
        activeOpacity: 0.6,
        style: __react__vue__mergeNativeStyleAndNativeClass(__react__vue__bindClass.call(this, {
            parentClass: this.props.style
        }), __react__vue__bindStyle(vm['styles'].linkButton, undefined, undefined))
    }), __react__vue__slotSet(undefined, {}) || [__react__vue__createElement(vm.$options.components['Text'], {
        key: 0,
        style: __react__vue__mergeNativeStyleAndNativeClass(undefined, __react__vue__bindStyle(vm['styles'].linkButtonText, undefined, undefined))
    }, __react__vue__toString(vm['title']))]);
};

const __react__vue__css = {}

const __react__vue__ComponentBuilded = __react__vue__buildNativeComponent(__react__vue__render, __react__vue__options, {Component: __react__vue__Component, PropTypes: __react__vue__PropType, Vue: __react__vue__Vue, ReactNative: __react__vue__ReactNative, css: __react__vue__css})

export default __react__vue__observer(__react__vue__ComponentBuilded) />
`;
