// Jest Snapshot v1, https://goo.gl/fbAQLP

exports[`Render secondary round button renders correctly 1`] = `
<import __react__vue__Vue, { observer as __react__vue__observer } from 'vue-native-core'
import __react__vue__ReactNative from 'react-native'
import __react__vue__PropType from 'prop-types'
import { buildNativeComponent as __react__vue__buildNativeComponent } from 'vue-native-helper'
import { bindNativeClass as __react__vue__bindClass,bindNativeStyle as __react__vue__bindStyle,mergeNativeStyleAndNativeClass as __react__vue__mergeNativeStyleAndNativeClass,mergeProps as __react__vue__mergeProps,renderSlot as __react__vue__renderSlot,_toString as __react__vue__toString } from 'vue-native-helper'
import {
      createElement as __react__vue__createElement,
      Component as __react__vue__Component
    } from 'react'

import { cards, text } from '@/core/support/styles'
const __react__vue__options =  {
  name: 'SecondaryRoundButton',

  props: {
    title: {
      type: String,
      default: null
    },
    icon: {
      type: String,
      default: null
    }
  },

  computed: {
    styles () {
      return stylesStore(this.isDarkScheme)
    }
  }
}

const stylesStore = (isDarkScheme) => {
  return {
    actionButton: {
      ...cards(isDarkScheme),
      backgroundColor: isDarkScheme ? 'black' : 'white',
      borderRadius: 100,
      paddingVertical: 5,
      paddingHorizontal: 10,
      height: 50,
      width: 50,
      justifyContent: 'center',
      alignItems: 'center'
    },

    actionButtonContainer: {
      justifyContent: 'center',
      alignItems: 'center',
      flexDirection: 'row'
    },

    title: {
      color: text(isDarkScheme).color
    }
  }
}

const __react__vue__render = function render(vm) {
    const __react__vue__slotSet = __react__vue__renderSlot.call(this, [], this.props.children);
    return __react__vue__createElement(vm.$options.components['TouchableOpacity'], __react__vue__mergeProps.call(this, this.props.__react__vue__nativeEvents, {
        ref: ref => {
            this.setRootRef(ref);
            this.props['__react__vue__setRef'] && this.props['__react__vue__setRef'](ref);
        },
        activeOpacity: 0.6,
        onPress: () => vm['$emit']('on-press'),
        style: __react__vue__mergeNativeStyleAndNativeClass(__react__vue__bindClass.call(this, {
            parentClass: this.props.style
        }), __react__vue__bindStyle(vm['styles'].actionButton, undefined, undefined))
    }), __react__vue__slotSet(undefined, {}) || [__react__vue__createElement(vm.$options.components['View'], {
        key: 0,
        style: __react__vue__mergeNativeStyleAndNativeClass(undefined, __react__vue__bindStyle(vm['styles'].actionButtonContainer, undefined, undefined))
    }, vm['icon'] ? __react__vue__createElement(vm.$options.components['Icon'], {
        name: vm['icon'],
        style: __react__vue__mergeNativeStyleAndNativeClass(undefined, __react__vue__bindStyle({
            marginRight: vm['title'] ? 5 : 0
        }, undefined, undefined))
    }) : null, __react__vue__createElement(vm.$options.components['Text'], {
        style: __react__vue__mergeNativeStyleAndNativeClass(undefined, __react__vue__bindStyle(vm['styles'].title, undefined, undefined))
    }, __react__vue__toString(vm['title'])))]);
};

const __react__vue__css = {}

const __react__vue__ComponentBuilded = __react__vue__buildNativeComponent(__react__vue__render, __react__vue__options, {Component: __react__vue__Component, PropTypes: __react__vue__PropType, Vue: __react__vue__Vue, ReactNative: __react__vue__ReactNative, css: __react__vue__css})

export default __react__vue__observer(__react__vue__ComponentBuilded) />
`;
